// Jest Snapshot v1, https://goo.gl/fbAQLP

exports[`Controls component matches snapshot 1`] = `
Array [
  <div
    className="sc-gzVnrw gWGKjZ"
  >
    <button
      className="sc-bdVaJa hszIIB"
      color={undefined}
      disabled={undefined}
      onClick={[Function]}
      type={undefined}
    >
      easy
    </button>
    <button
      className="sc-bdVaJa hszIIB"
      color={undefined}
      disabled={undefined}
      onClick={[Function]}
      type={undefined}
    >
      hard
    </button>
    <button
      className="sc-bdVaJa hszIIB"
      color={undefined}
      disabled={undefined}
      onClick={[Function]}
      type={undefined}
    >
      all
    </button>
  </div>,
  <div
    className="sc-gzVnrw gWGKjZ"
  >
    <button
      className="sc-bdVaJa hszIIB"
      color={undefined}
      disabled={undefined}
      onClick={[Function]}
      type={undefined}
    >
      shuffle
    </button>
    <button
      className="sc-bdVaJa hszIIB"
      color={undefined}
      disabled={undefined}
      onClick={[Function]}
      type={undefined}
    >
      show translation
    </button>
  </div>,
]
`;

exports[`Navigation component renders without crashing 1`] = `
<div
  className="sc-bZQynM dpGbXt"
>
  <a
    aria-current="page"
    className="active"
    href="/"
    onClick={[Function]}
    style={Object {}}
  >
    <img
      alt="irregio icon"
      className="sc-EHOje fMxmcc"
      height="65px"
      src={undefined}
      width="65px"
    />
  </a>
  <div>
    <a
      aria-current={null}
      className={undefined}
      href="/learn"
      onClick={[Function]}
      style={undefined}
    >
      Learn
    </a>
    <a
      aria-current={null}
      className={undefined}
      href="/practice"
      onClick={[Function]}
      style={undefined}
    >
      Practice
    </a>
    <a
      aria-current={null}
      className={undefined}
      href="/supported-languages"
      onClick={[Function]}
      style={undefined}
    >
      Languages
    </a>
    <a
      aria-current={null}
      className={undefined}
      href="/phrasals"
      onClick={[Function]}
      style={undefined}
    >
      Phrases
    </a>
  </div>
  <div>
    <img
      onClick={undefined}
      src={undefined}
    />
  </div>
</div>
`;

exports[`Progress bar component matches snapshot 1`] = `
<div
  className="sc-ifAKCX bUkEvu"
>
  <div
    className="sc-bxivhb gsjiRK"
  />
</div>
`;

exports[`Title component matches snapshot 1`] = `
<div
  className="sc-htoDjs vXyyK"
>
  i
  <span>
    r
  </span>
  reg.io
</div>
`;
